// Jest Snapshot v1, https://goo.gl/fbAQLP

exports[`renders the UI as expected 1`] = `
<div>
  <h2>
    LOG IN
  </h2>
  <form
    className="login_form"
    onSubmit={[Function]}
  >
    <input
      className="login_field"
      name="username"
      onChange={[Function]}
      placeholder="Enter username"
      type="text"
    />
    <br />
    <input
      className="login_field"
      name="password"
      onChange={[Function]}
      placeholder="Enter password"
      type="text"
    />
    <br />
    <button
      type="submit"
    >
      Log In
    </button>
  </form>
</div>
`;
